SalesRanked          ProductCategoryKey EnglishProductSubcategoryName                      SalesAmount           TotalSales            ProductKey  EnglishProductName                                 Color           Size                                               SizeRange                                          Weight                 ProductLine Class Style ModelName
-------------------- ------------------ -------------------------------------------------- --------------------- --------------------- ----------- -------------------------------------------------- --------------- -------------------------------------------------- -------------------------------------------------- ---------------------- ----------- ----- ----- --------------------------------------------------
1                    1                  Road Bikes                                         3578.27               1205876.99            312         Road-150 Red, 48                                   Red             48                                                 48-52 CM                                           14.13                  R           H     U     Road-150
2                    1                  Road Bikes                                         3578.27               1202298.72            310         Road-150 Red, 62                                   Red             62                                                 60-62 CM                                           15                     R           H     U     Road-150
3                    1                  Road Bikes                                         3578.27               1080637.54            313         Road-150 Red, 52                                   Red             52                                                 48-52 CM                                           14.42                  R           H     U     Road-150
4                    1                  Road Bikes                                         3578.27               1055589.65            314         Road-150 Red, 56                                   Red             56                                                 54-58 CM                                           14.68                  R           H     U     Road-150
5                    1                  Road Bikes                                         3578.27               1005493.87            311         Road-150 Red, 44                                   Red             44                                                 42-46 CM                                           13.77                  R           H     U     Road-150
1                    3                  Shorts                                             69.99                 25406.37              476         Women's Mountain Shorts, L                         Black           L                                                  L                                                  NULL                   M           NULL  W     Women's Mountain Shorts
2                    3                  Shorts                                             69.99                 24636.48              475         Women's Mountain Shorts, M                         Black           M                                                  M                                                  NULL                   M           NULL  W     Women's Mountain Shorts
3                    3                  Jerseys                                            49.99                 22595.48              234         Long-Sleeve Logo Jersey, L                         Multi           L                                                  L                                                  NULL                   S           NULL  U     Long-Sleeve Logo Jersey
4                    3                  Jerseys                                            49.99                 22095.58              231         Long-Sleeve Logo Jersey, M                         Multi           M                                                  M                                                  NULL                   S           NULL  U     Long-Sleeve Logo Jersey
5                    3                  Jerseys                                            53.99                 22081.91              491         Short-Sleeve Classic Jersey, XL                    Yellow          XL                                                 XL                                                 NULL                   S           NULL  U     Short-Sleeve Classic Jersey
1                    4                  Helmets                                            34.99                 78027.70              214         Sport-100 Helmet, Red                              Red             NULL                                               NA                                                 NULL                   S           NULL  NULL  Sport-100
2                    4                  Helmets                                            34.99                 74353.75              222         Sport-100 Helmet, Blue                             Blue            NULL                                               NA                                                 NULL                   S           NULL  NULL  Sport-100
3                    4                  Helmets                                            34.99                 72954.15              217         Sport-100 Helmet, Black                            Black           NULL                                               NA                                                 NULL                   S           NULL  NULL  Sport-100
4                    4                  Tires and Tubes                                    35.00                 48860.00              537         HL Mountain Tire                                   NA              NULL                                               NA                                                 NULL                   M           H     NULL  HL Mountain Tire
5                    4                  Fenders                                            21.98                 46619.58              485         Fender Set - Mountain                              NA              NULL                                               NA                                                 NULL                   M           NULL  NULL  Fender Set - Mountain

(15 rows affected)


Completion time: 2024-09-23T22:27:59.5776099-07:00
